Copyright 1986-2022 Xilinx, Inc. All Rights Reserved.
--------------------------------------------------------------------------------------------------------------------------------------------------------------------------
| Tool Version : Vivado v.2022.1 (lin64) Build 3526262 Mon Apr 18 15:47:01 MDT 2022
| Date         : Fri Nov 28 17:41:20 2025
| Host         : DESKTOP-1CQ16CU running 64-bit Ubuntu 20.04.6 LTS
| Command      : report_accelerator_utilization -kernels { DPUCZDX8G:design_1_i/DPUCZDX8G_1/inst:DPUCZDX8G_1} -file kernel_util_routed.rpt -name kernel_util_routed -json
| Design       : design_1_wrapper
| Device       : xczu3eg
| Design State : Routed
--------------------------------------------------------------------------------------------------------------------------------------------------------------------------

Accelerator Utilization Design Information

Table of Contents
-----------------
1. System Utilization

1. System Utilization
---------------------

+---------------------+-----------------+-----------------+------------------+---------------+---------------+
| Name                | LUT             | LUTAsMem        | REG              | BRAM          | DSP           |
+---------------------+-----------------+-----------------+------------------+---------------+---------------+
| Platform            | 27902 [ 39.54%] |   815 [  2.83%] |  16119 [ 11.42%] |  79 [ 36.57%] |   0 [  0.00%] |
| User Budget         | 42658 [100.00%] | 27985 [100.00%] | 125001 [100.00%] | 137 [100.00%] | 360 [100.00%] |
|    Used Resources   | 37429 [ 87.74%] |  3766 [ 13.46%] |  58672 [ 46.94%] | 126 [ 91.97%] | 326 [ 90.56%] |
|    Unused Resources |  5229 [ 12.26%] | 24219 [ 86.54%] |  66329 [ 53.06%] |  11 [  8.03%] |  34 [  9.44%] |
| DPUCZDX8G           | 37429 [ 87.74%] |  3766 [ 13.46%] |  58672 [ 46.94%] | 126 [ 91.97%] | 326 [ 90.56%] |
|    DPUCZDX8G_1      | 37429 [ 87.74%] |  3766 [ 13.46%] |  58672 [ 46.94%] | 126 [ 91.97%] | 326 [ 90.56%] |
+---------------------+-----------------+-----------------+------------------+---------------+---------------+


